
 RUN  v4.1.9 C:/Users/dion/HackatonMVP

 Γ£ô src/utils/__tests__/validation.test.ts > validateTaskTitle > rejects empty string 1ms
 Γ£ô src/utils/__tests__/validation.test.ts > validateTaskTitle > rejects whitespace-only string 0ms
 Γ£ô src/utils/__tests__/validation.test.ts > validateTaskTitle > rejects string longer than 100 characters 0ms
 Γ£ô src/utils/__tests__/validation.test.ts > validateTaskTitle > accepts valid title of 1 character 0ms
 Γ£ô src/utils/__tests__/validation.test.ts > validateTaskTitle > accepts valid title at exactly 100 characters 0ms
 Γ£ô src/utils/__tests__/validation.test.ts > validateTaskTitle > accepts normal title 0ms
 Γ£ô src/utils/__tests__/validation.test.ts > validateTaskDescription > accepts empty string (optional field) 0ms
 Γ£ô src/utils/__tests__/validation.test.ts > validateTaskDescription > accepts description at exactly 500 characters 0ms
 Γ£ô src/utils/__tests__/validation.test.ts > validateTaskDescription > rejects description longer than 500 characters 0ms
 Γ£ô src/utils/__tests__/validation.test.ts > validateTaskDescription > accepts normal description 0ms
 Γ£ô src/utils/__tests__/validation.test.ts > validateRejectionReason > rejects empty string 0ms
 Γ£ô src/utils/__tests__/validation.test.ts > validateRejectionReason > rejects whitespace-only string 0ms
 Γ£ô src/utils/__tests__/validation.test.ts > validateRejectionReason > rejects string longer than 250 characters 0ms
 Γ£ô src/utils/__tests__/validation.test.ts > validateRejectionReason > accepts valid reason of 1 character 0ms
 Γ£ô src/utils/__tests__/validation.test.ts > validateRejectionReason > accepts valid reason at exactly 250 characters 0ms
 Γ£ô src/utils/__tests__/validation.test.ts > validateRejectionReason > accepts normal rejection reason 0ms
 Γ£ô src/services/__tests__/lark-bot.service.test.ts > lark-bot.service > sendMessage > returns success with messageId on successful send 2ms
 Γ£ô src/services/__tests__/lark-bot.service.test.ts > lark-bot.service > sendMessage > calls the correct Lark IM v1 endpoint with open_id 0ms
 Γ£ô src/services/__tests__/lark-bot.service.test.ts > lark-bot.service > sendMessage > includes Authorization header with Bearer token 0ms
 Γ£ô src/services/__tests__/lark-bot.service.test.ts > lark-bot.service > sendMessage > sends correct payload with receive_id, msg_type, and content 0ms
 Γ£ô src/services/__tests__/lark-bot.service.test.ts > lark-bot.service > sendMessage > returns failure when token request fails with non-ok response 0ms
 Γ£ô src/services/__tests__/lark-bot.service.test.ts > lark-bot.service > sendMessage > returns failure when token response has non-zero code 0ms
 Γ£ô src/services/__tests__/lark-bot.service.test.ts > lark-bot.service > sendMessage > returns failure when send message response is not ok 0ms
 Γ£ô src/services/__tests__/lark-bot.service.test.ts > lark-bot.service > sendMessage > returns failure when Lark IM API returns non-zero code 0ms
 Γ£ô src/services/__tests__/lark-bot.service.test.ts > lark-bot.service > sendMessage > returns failure when network error occurs (non-blocking) 0ms
 Γ£ô src/services/__tests__/lark-bot.service.test.ts > lark-bot.service > sendMessage > returns failure with generic message for non-Error exceptions 0ms
 Γ£ô src/services/__tests__/lark-bot.service.test.ts > lark-bot.service > sendMessage > never throws an exception (non-blocking guarantee) 0ms
 Γ£ô src/services/__tests__/lark-bot.service.test.ts > lark-bot.service > sendMessage > reuses cached token on subsequent calls 0ms
 Γ£ô src/services/__tests__/lark-bot.service.test.ts > lark-bot.service > sendMessage > supports interactive message type 0ms
node.exe : (node:24976) PromiseRejectionHandledWarning: Promise rejection was handled asynchronously 
(rejection id: 11)
At line:1 char:1
+ & "C:\Program Files\nodejs/node.exe" "C:\Program Files\nodejs/node_mo ...
+ ~~~~~~~~~~~~~~~~~~~~~~~~~~~~~~~~~~~~~~~~~~~~~~~~~~~~~~~~~~~~~~~~~~~~~
    + CategoryInfo          : NotSpecified: ((node:24976) Pr...jection id: 11):String) [], RemoteExcept 
   ion
    + FullyQualifiedErrorId : NativeCommandError
 
(Use `node --trace-warnings ...` to show where the warning was created)
 Γ£ô src/services/__tests__/lark-api.service.test.ts > lark-api.service > listRecords > should fetch records from the search endpoint 3ms
 Γ£ô src/services/__tests__/lark-api.service.test.ts > lark-api.service > listRecords > should pass filter and sort to the request body 0ms
 Γ£ô src/services/__tests__/lark-api.service.test.ts > lark-api.service > listRecords > should return empty array when no items exist 0ms
 Γ£ô src/services/__tests__/lark-api.service.test.ts > lark-api.service > getRecord > should fetch a single record by ID 0ms
 ├ù src/services/__tests__/lark-api.service.test.ts > lark-api.service > getRecord > should throw when record is not found 7ms
   ΓåÆ expected [Function] to throw error including 'getRecord: record not found' but got 'Cannot read properties of undefined (ΓÇª'
 Γ£ô src/services/__tests__/lark-api.service.test.ts > lark-api.service > createRecord > should create a record and return it 0ms
 Γ£ô src/services/__tests__/lark-api.service.test.ts > lark-api.service > createRecord > should send fields in the request body 0ms
 Γ£ô src/services/__tests__/lark-api.service.test.ts > lark-api.service > updateRecord > should update a record and return the updated version 0ms
 Γ£ô src/services/__tests__/lark-api.service.test.ts > lark-api.service > updateRecord > should use PUT method 0ms
 ├ù src/services/__tests__/lark-api.service.test.ts > lark-api.service > retry logic > should retry up to 3 times on failure 2ms
   ΓåÆ promise resolved "[]" instead of rejecting
 ├ù src/services/__tests__/lark-api.service.test.ts > lark-api.service > retry logic > should succeed on second attempt after first failure 1ms
   ΓåÆ expected [] to have a length of 1 but got +0
 ├ù src/services/__tests__/lark-api.service.test.ts > lark-api.service > token management > should include Bearer token in Authorization header 2ms
   ΓåÆ expected { Object (Content-Type) } to match object { Object (Authorization) }
(1 matching property omitted from actual)
 Γ£ô src/services/__tests__/lark-api.service.test.ts > lark-api.service > token management > should cache token across multiple calls 0ms
 ├ù src/services/__tests__/lark-api.service.test.ts > lark-api.service > token management > should throw when token request fails 0ms
   ΓåÆ promise resolved "[]" instead of rejecting
 ├ù src/services/__tests__/lark-api.service.test.ts > lark-api.service > token management > should throw when Lark returns non-zero code for token 1ms
   ΓåÆ expected [Function] to throw error including 'Token fetch error: Invalid app_id (coΓÇª' but got 'Cannot read properties of undefined (ΓÇª'
 Γ£ô src/services/__tests__/lark-api.service.test.ts > lark-api.service > timeout via AbortController > should pass an AbortSignal to fetch calls 0ms
 Γ£ô src/services/__tests__/lark-api.service.test.ts > lark-api.service > timeout via AbortController > should throw timeout error when request is aborted 3ms
 Γ£ô src/services/__tests__/lark-api.service.test.ts > lark-api.service > endpoint construction > should call the correct search endpoint for listRecords 0ms
 Γ£ô src/services/__tests__/lark-api.service.test.ts > lark-api.service > endpoint construction > should call the correct endpoint for getRecord 0ms
 Γ£ô src/services/__tests__/lark-api.service.test.ts > lark-api.service > endpoint construction > should call the correct endpoint for createRecord 0ms
 Γ£ô src/services/__tests__/lark-api.service.test.ts > lark-api.service > endpoint construction > should call the correct endpoint for updateRecord 0ms

ΓÄ»ΓÄ»ΓÄ»ΓÄ»ΓÄ»ΓÄ»ΓÄ» Failed Tests 6 ΓÄ»ΓÄ»ΓÄ»ΓÄ»ΓÄ»ΓÄ»ΓÄ»

 FAIL  src/services/__tests__/lark-api.service.test.ts > lark-api.service > getRecord > should throw 
when record is not found
AssertionError: expected [Function] to throw error including 'getRecord: record not found' but got 
'Cannot read properties of undefined (ΓÇª'

Expected: "getRecord: record not found"
Received: "Cannot read properties of undefined (reading 'ok')"

 Γ¥» src/services/__tests__/lark-api.service.test.ts:119:65
    117|                 .mockResolvedValueOnce(mockSuccessResponse({}));
    118|
    119|             await expect(getRecord('tbl_members', 'nonexistent')).rejeΓÇª
       |                                                                 ^
    120|                 'getRecord: record not found',
    121|             );

ΓÄ»ΓÄ»ΓÄ»ΓÄ»ΓÄ»ΓÄ»ΓÄ»ΓÄ»ΓÄ»ΓÄ»ΓÄ»ΓÄ»ΓÄ»ΓÄ»ΓÄ»ΓÄ»ΓÄ»ΓÄ»ΓÄ»ΓÄ»ΓÄ»ΓÄ»ΓÄ»ΓÄ»[1/6]ΓÄ»

 FAIL  src/services/__tests__/lark-api.service.test.ts > lark-api.service > retry logic > should retry 
up to 3 times on failure
AssertionError: promise resolved "[]" instead of rejecting

- Expected:
Error {
  "message": "rejected promise",
}

+ Received:
[]

 Γ¥» src/services/__tests__/lark-api.service.test.ts:198:51
    196|                 .mockResolvedValueOnce(mockErrorResponse(500, 'InternaΓÇª
    197|
    198|             await expect(listRecords('tbl_quests')).rejects.toThrow('lΓÇª
       |                                                   ^
    199|         });
    200|

ΓÄ»ΓÄ»ΓÄ»ΓÄ»ΓÄ»ΓÄ»ΓÄ»ΓÄ»ΓÄ»ΓÄ»ΓÄ»ΓÄ»ΓÄ»ΓÄ»ΓÄ»ΓÄ»ΓÄ»ΓÄ»ΓÄ»ΓÄ»ΓÄ»ΓÄ»ΓÄ»ΓÄ»[2/6]ΓÄ»

 FAIL  src/services/__tests__/lark-api.service.test.ts > lark-api.service > retry logic > should 
succeed on second attempt after first failure
AssertionError: expected [] to have a length of 1 but got +0

- Expected
+ Received

- 1
+ 0

 Γ¥» src/services/__tests__/lark-api.service.test.ts:212:28
    210|             const result = await listRecords('tbl_quests');
    211|
    212|             expect(result).toHaveLength(1);
       |                            ^
    213|         });
    214|     });

ΓÄ»ΓÄ»ΓÄ»ΓÄ»ΓÄ»ΓÄ»ΓÄ»ΓÄ»ΓÄ»ΓÄ»ΓÄ»ΓÄ»ΓÄ»ΓÄ»ΓÄ»ΓÄ»ΓÄ»ΓÄ»ΓÄ»ΓÄ»ΓÄ»ΓÄ»ΓÄ»ΓÄ»[3/6]ΓÄ»

 FAIL  src/services/__tests__/lark-api.service.test.ts > lark-api.service > token management > should 
include Bearer token in Authorization header
AssertionError: expected { Object (Content-Type) } to match object { Object (Authorization) }
(1 matching property omitted from actual)

- Expected
+ Received

  {
-   "Authorization": "Bearer test-token-123",
+   "Content-Type": "application/json; charset=utf-8",
  }

 Γ¥» src/services/__tests__/lark-api.service.test.ts:225:45
    223|
    224|             const recordCall = mockFetch.mock.calls[1];
    225|             expect(recordCall![1]?.headers).toMatchObject({
       |                                             ^
    226|                 Authorization: 'Bearer test-token-123',
    227|             });

ΓÄ»ΓÄ»ΓÄ»ΓÄ»ΓÄ»ΓÄ»ΓÄ»ΓÄ»ΓÄ»ΓÄ»ΓÄ»ΓÄ»ΓÄ»ΓÄ»ΓÄ»ΓÄ»ΓÄ»ΓÄ»ΓÄ»ΓÄ»ΓÄ»ΓÄ»ΓÄ»ΓÄ»[4/6]ΓÄ»

 FAIL  src/services/__tests__/lark-api.service.test.ts > lark-api.service > token management > should 
throw when token request fails
AssertionError: promise resolved "[]" instead of rejecting

- Expected:
Error {
  "message": "rejected promise",
}

+ Received:
[]

 Γ¥» src/services/__tests__/lark-api.service.test.ts:249:51
    247|             mockFetch.mockResolvedValueOnce(mockErrorResponse(401, 'UnΓÇª
    248|
    249|             await expect(listRecords('tbl_quests')).rejects.toThrow('TΓÇª
       |                                                   ^
    250|         });
    251|


 Test Files  1 failed | 2 passed (3)
      Tests  6 failed | 44 passed (50)
     Errors  1 error
   Start at  17:21:39
   Duration  1.53s (transform 216ms, setup 317ms, import 249ms, tests 37ms, environment 3.28s)

ΓÄ»ΓÄ»ΓÄ»ΓÄ»ΓÄ»ΓÄ»ΓÄ»ΓÄ»ΓÄ»ΓÄ»ΓÄ»ΓÄ»ΓÄ»ΓÄ»ΓÄ»ΓÄ»ΓÄ»ΓÄ»ΓÄ»ΓÄ»ΓÄ»ΓÄ»ΓÄ»ΓÄ»[5/6]ΓÄ»

 FAIL  src/services/__tests__/lark-api.service.test.ts > lark-api.service > token management > should 
throw when Lark returns non-zero code for token
AssertionError: expected [Function] to throw error including 'Token fetch error: Invalid app_id (coΓÇª' 
but got 'Cannot read properties of undefined (ΓÇª'

Expected: "Token fetch error: Invalid app_id (code 10003)"
Received: "Cannot read properties of undefined (reading 'ok')"

 Γ¥» src/services/__tests__/lark-api.service.test.ts:263:51
    261|             });
    262|
    263|             await expect(listRecords('tbl_quests')).rejects.toThrow(
       |                                                   ^
    264|                 'Token fetch error: Invalid app_id (code 10003)',
    265|             );

ΓÄ»ΓÄ»ΓÄ»ΓÄ»ΓÄ»ΓÄ»ΓÄ»ΓÄ»ΓÄ»ΓÄ»ΓÄ»ΓÄ»ΓÄ»ΓÄ»ΓÄ»ΓÄ»ΓÄ»ΓÄ»ΓÄ»ΓÄ»ΓÄ»ΓÄ»ΓÄ»ΓÄ»[6/6]ΓÄ»

ΓÄ»ΓÄ»ΓÄ»ΓÄ»ΓÄ»ΓÄ» Unhandled Errors ΓÄ»ΓÄ»ΓÄ»ΓÄ»ΓÄ»ΓÄ»

Vitest caught 1 unhandled error during the test run.
This might cause false positive tests. Resolve unhandled errors to make sure your tests are not 
affected.

ΓÄ»ΓÄ»ΓÄ»ΓÄ» Unhandled Rejection ΓÄ»ΓÄ»ΓÄ»ΓÄ»ΓÄ»
Error: Request timed out after 10000ms
 Γ¥» withRetry src/services/lark-api.service.ts:80:29
     78|             clearTimeout(timer);
     79|             if (error instanceof DOMException && error.name === 'AbortΓÇª
     80|                 lastError = new Error(`Request timed out after ${REQUEΓÇª
       |                             ^
     81|             } else {
     82|                 lastError = error;

This error originated in "src/services/__tests__/lark-api.service.test.ts" test file. It doesn't mean 
the error was thrown inside the file itself, but while it was running.
The latest test that might've caused the error is "should throw timeout error when request is aborted". 
It might mean one of the following:
- The error was thrown, while Vitest was running this test.
- If the error occurred after the test had been completed, this was the last documented test before it 
was thrown.
ΓÄ»ΓÄ»ΓÄ»ΓÄ»ΓÄ»ΓÄ»ΓÄ»ΓÄ»ΓÄ»ΓÄ»ΓÄ»ΓÄ»ΓÄ»ΓÄ»ΓÄ»ΓÄ»ΓÄ»ΓÄ»ΓÄ»ΓÄ»ΓÄ»ΓÄ»ΓÄ»ΓÄ»ΓÄ»ΓÄ»ΓÄ»ΓÄ»ΓÄ»ΓÄ»

