
 RUN  v4.1.9 C:/Users/dion/HackatonMVP

 Γ£ô src/services/__tests__/lark-api.service.test.ts > lark-api.service > listRecords > should fetch records from the search endpoint 4ms
 ├ù src/services/__tests__/lark-api.service.test.ts > lark-api.service > listRecords > should pass filter and sort to the request body 3ms
   ΓåÆ Cannot read properties of undefined (reading '1')
 Γ£ô src/services/__tests__/lark-api.service.test.ts > lark-api.service > listRecords > should return empty array when no items exist 0ms
 ├ù src/services/__tests__/lark-api.service.test.ts > lark-api.service > getRecord > should fetch a single record by ID 1ms
   ΓåÆ getRecord: record not found (tableId=tbl_members, recordId=rec1)
 ├ù src/services/__tests__/lark-api.service.test.ts > lark-api.service > getRecord > should throw when record is not found 5ms
   ΓåÆ promise resolved "{ record_id: 'rec1', ΓÇª(1) }" instead of rejecting
 ├ù src/services/__tests__/lark-api.service.test.ts > lark-api.service > createRecord > should create a record and return it 1ms
   ΓåÆ createRecord: no record returned in response
 ├ù src/services/__tests__/lark-api.service.test.ts > lark-api.service > createRecord > should send fields in the request body 0ms
   ΓåÆ Cannot read properties of undefined (reading '1')
 ├ù src/services/__tests__/lark-api.service.test.ts > lark-api.service > updateRecord > should update a record and return the updated version 2ms
   ΓåÆ expected { record_id: 'rec_new', ΓÇª(1) } to deeply equal { record_id: 'rec1', ΓÇª(1) }
 Γ£ô src/services/__tests__/lark-api.service.test.ts > lark-api.service > updateRecord > should use PUT method 1ms
 ├ù src/services/__tests__/lark-api.service.test.ts > lark-api.service > retry logic > should retry up to 3 times on failure 1ms
   ΓåÆ promise resolved "[]" instead of rejecting
 ├ù src/services/__tests__/lark-api.service.test.ts > lark-api.service > retry logic > should succeed on second attempt after first failure 1ms
   ΓåÆ expected [] to have a length of 1 but got +0
 ├ù src/services/__tests__/lark-api.service.test.ts > lark-api.service > token management > should include Bearer token in Authorization header 0ms
   ΓåÆ Cannot read properties of undefined (reading '1')
 ├ù src/services/__tests__/lark-api.service.test.ts > lark-api.service > token management > should throw when token request fails 2ms
   ΓåÆ expected [Function] to throw error including 'Token fetch failed: 401' but got 'listRecords failed: 500 Internal ServΓÇª'
 ├ù src/services/__tests__/lark-api.service.test.ts > lark-api.service > token management > should throw when Lark returns non-zero code for token 1ms
   ΓåÆ promise resolved "[]" instead of rejecting
node.exe : 
At line:1 char:1
+ & "C:\Program Files\nodejs/node.exe" "C:\Program Files\nodejs/node_mo ...
+ ~~~~~~~~~~~~~~~~~~~~~~~~~~~~~~~~~~~~~~~~~~~~~~~~~~~~~~~~~~~~~~~~~~~~~
    + CategoryInfo          : NotSpecified: (:String) [], RemoteException
    + FullyQualifiedErrorId : NativeCommandError
 
ΓÄ»ΓÄ»ΓÄ»ΓÄ»ΓÄ»ΓÄ» Failed Tests 11 ΓÄ»ΓÄ»ΓÄ»ΓÄ»ΓÄ»ΓÄ»ΓÄ»

 FAIL  src/services/__tests__/lark-api.service.test.ts > lark-api.service > listRecords > should pass 
filter and sort to the request body
TypeError: Cannot read properties of undefined (reading '1')
 Γ¥» src/services/__tests__/lark-api.service.test.ts:85:37
     83|
     84|             const lastCall = mockFetch.mock.calls[1];
     85|             const body = JSON.parse(lastCall![1]?.body as string) as uΓÇª
       |                                     ^
     86|             expect(body).toEqual({ filter, sort });
     87|         });

ΓÄ»ΓÄ»ΓÄ»ΓÄ»ΓÄ»ΓÄ»ΓÄ»ΓÄ»ΓÄ»ΓÄ»ΓÄ»ΓÄ»ΓÄ»ΓÄ»ΓÄ»ΓÄ»ΓÄ»ΓÄ»ΓÄ»ΓÄ»ΓÄ»ΓÄ»ΓÄ»[1/11]ΓÄ»

 FAIL  src/services/__tests__/lark-api.service.test.ts > lark-api.service > getRecord > should fetch a 
single record by ID
Error: getRecord: record not found (tableId=tbl_members, recordId=rec1)
 Γ¥» src/services/lark-api.service.ts:201:19
    199|
    200|         if (!data.data?.record) {
    201|             throw new Error(`getRecord: record not found (tableId=${taΓÇª
       |                   ^
    202|         }
    203|

ΓÄ»ΓÄ»ΓÄ»ΓÄ»ΓÄ»ΓÄ»ΓÄ»ΓÄ»ΓÄ»ΓÄ»ΓÄ»ΓÄ»ΓÄ»ΓÄ»ΓÄ»ΓÄ»ΓÄ»ΓÄ»ΓÄ»ΓÄ»ΓÄ»ΓÄ»ΓÄ»[2/11]ΓÄ»

 FAIL  src/services/__tests__/lark-api.service.test.ts > lark-api.service > getRecord > should throw 
when record is not found
AssertionError: promise resolved "{ record_id: 'rec1', ΓÇª(1) }" instead of rejecting

- Expected
+ Received

- Error {
-   "message": "rejected promise",
+ {
+   "fields": {
+     "name": "Test",
+   },
+   "record_id": "rec1",
  }

 Γ¥» src/services/__tests__/lark-api.service.test.ts:119:65
    117|                 .mockResolvedValueOnce(mockSuccessResponse({}));
    118|
    119|             await expect(getRecord('tbl_members', 'nonexistent')).rejeΓÇª
       |                                                                 ^
    120|                 'getRecord: record not found',
    121|             );

ΓÄ»ΓÄ»ΓÄ»ΓÄ»ΓÄ»ΓÄ»ΓÄ»ΓÄ»ΓÄ»ΓÄ»ΓÄ»ΓÄ»ΓÄ»ΓÄ»ΓÄ»ΓÄ»ΓÄ»ΓÄ»ΓÄ»ΓÄ»ΓÄ»ΓÄ»ΓÄ»[3/11]ΓÄ»

 FAIL  src/services/__tests__/lark-api.service.test.ts > lark-api.service > createRecord > should 
create a record and return it
Error: createRecord: no record returned in response
 Γ¥» src/services/lark-api.service.ts:240:19
    238|
    239|         if (!data.data?.record) {
    240|             throw new Error('createRecord: no record returned in respoΓÇª
       |                   ^
    241|         }
    242|

ΓÄ»ΓÄ»ΓÄ»ΓÄ»ΓÄ»ΓÄ»ΓÄ»ΓÄ»ΓÄ»ΓÄ»ΓÄ»ΓÄ»ΓÄ»ΓÄ»ΓÄ»ΓÄ»ΓÄ»ΓÄ»ΓÄ»ΓÄ»ΓÄ»ΓÄ»ΓÄ»[4/11]ΓÄ»

 FAIL  src/services/__tests__/lark-api.service.test.ts > lark-api.service > createRecord > should send 
fields in the request body
TypeError: Cannot read properties of undefined (reading '1')
 Γ¥» src/services/__tests__/lark-api.service.test.ts:152:37
    150|
    151|             const lastCall = mockFetch.mock.calls[1];
    152|             const body = JSON.parse(lastCall![1]?.body as string) as uΓÇª
       |                                     ^
    153|             expect(body).toEqual({ fields: { title: 'Hello', status: 'ΓÇª
    154|         });

ΓÄ»ΓÄ»ΓÄ»ΓÄ»ΓÄ»ΓÄ»ΓÄ»ΓÄ»ΓÄ»ΓÄ»ΓÄ»ΓÄ»ΓÄ»ΓÄ»ΓÄ»ΓÄ»ΓÄ»ΓÄ»ΓÄ»ΓÄ»ΓÄ»ΓÄ»ΓÄ»[5/11]ΓÄ»

 FAIL  src/services/__tests__/lark-api.service.test.ts > lark-api.service > updateRecord > should 
update a record and return the updated version
AssertionError: expected { record_id: 'rec_new', ΓÇª(1) } to deeply equal { record_id: 'rec1', ΓÇª(1) }

- Expected
+ Received

  {
    "fields": {
-     "status": "active",
+     "title": "Hello",
    },
-   "record_id": "rec1",
+   "record_id": "rec_new",
  }

 Γ¥» src/services/__tests__/lark-api.service.test.ts:169:28
    167|             const result = await updateRecord('tbl_quests', 'rec1', { ΓÇª
    168|
    169|             expect(result).toEqual({ record_id: 'rec1', fields: { statΓÇª
       |                            ^
    170|         });
    171|

ΓÄ»ΓÄ»ΓÄ»ΓÄ»ΓÄ»ΓÄ»ΓÄ»ΓÄ»ΓÄ»ΓÄ»ΓÄ»ΓÄ»ΓÄ»ΓÄ»ΓÄ»ΓÄ»ΓÄ»ΓÄ»ΓÄ»ΓÄ»ΓÄ»ΓÄ»ΓÄ»[6/11]ΓÄ»

 FAIL  src/services/__tests__/lark-api.service.test.ts > lark-api.service > retry logic > should retry 
up to 3 times on failure
AssertionError: promise resolved "[]" instead of rejecting

- Expected:
Error {
  "message": "rejected promise",
}

+ Received:
[]

 Γ¥» src/services/__tests__/lark-api.service.test.ts:196:51
    194|                 .mockResolvedValueOnce(mockErrorResponse(500, 'InternaΓÇª
    195|
    196|             await expect(listRecords('tbl_quests')).rejects.toThrow('lΓÇª
       |                                                   ^
    197|
    198|             // 1 token call + 3 retry attempts

ΓÄ»ΓÄ»ΓÄ»ΓÄ»ΓÄ»ΓÄ»ΓÄ»ΓÄ»ΓÄ»ΓÄ»ΓÄ»ΓÄ»ΓÄ»ΓÄ»ΓÄ»ΓÄ»ΓÄ»ΓÄ»ΓÄ»ΓÄ»ΓÄ»ΓÄ»ΓÄ»[7/11]ΓÄ»

 FAIL  src/services/__tests__/lark-api.service.test.ts > lark-api.service > retry logic > should 
succeed on second attempt after first failure
AssertionError: expected [] to have a length of 1 but got +0

- Expected
+ Received

- 1
+ 0

 Test Files  1 failed (1)
      Tests  11 failed | 3 passed (14)
   Start at  17:05:27
   Duration  1.33s (transform 55ms, setup 116ms, import 58ms, tests 24ms, environment 947ms)


 Γ¥» src/services/__tests__/lark-api.service.test.ts:212:28
    210|             const result = await listRecords('tbl_quests');
    211|
    212|             expect(result).toHaveLength(1);
       |                            ^
    213|             // 1 token call + 2 attempts (first fails, second succeeds)
    214|             expect(mockFetch).toHaveBeenCalledTimes(3);

ΓÄ»ΓÄ»ΓÄ»ΓÄ»ΓÄ»ΓÄ»ΓÄ»ΓÄ»ΓÄ»ΓÄ»ΓÄ»ΓÄ»ΓÄ»ΓÄ»ΓÄ»ΓÄ»ΓÄ»ΓÄ»ΓÄ»ΓÄ»ΓÄ»ΓÄ»ΓÄ»[8/11]ΓÄ»

 FAIL  src/services/__tests__/lark-api.service.test.ts > lark-api.service > token management > should 
include Bearer token in Authorization header
TypeError: Cannot read properties of undefined (reading '1')
 Γ¥» src/services/__tests__/lark-api.service.test.ts:227:20
    225|
    226|             const recordCall = mockFetch.mock.calls[1];
    227|             expect(recordCall![1]?.headers).toMatchObject({
       |                    ^
    228|                 Authorization: 'Bearer test-token-123',
    229|             });

ΓÄ»ΓÄ»ΓÄ»ΓÄ»ΓÄ»ΓÄ»ΓÄ»ΓÄ»ΓÄ»ΓÄ»ΓÄ»ΓÄ»ΓÄ»ΓÄ»ΓÄ»ΓÄ»ΓÄ»ΓÄ»ΓÄ»ΓÄ»ΓÄ»ΓÄ»ΓÄ»[9/11]ΓÄ»

 FAIL  src/services/__tests__/lark-api.service.test.ts > lark-api.service > token management > should 
throw when token request fails
AssertionError: expected [Function] to throw error including 'Token fetch failed: 401' but got 
'listRecords failed: 500 Internal ServΓÇª'

Expected: "Token fetch failed: 401"
Received: "listRecords failed: 500 Internal Server Error"

 Γ¥» src/services/__tests__/lark-api.service.test.ts:235:51
    233|             mockFetch.mockResolvedValueOnce(mockErrorResponse(401, 'UnΓÇª
    234|
    235|             await expect(listRecords('tbl_quests')).rejects.toThrow('TΓÇª
       |                                                   ^
    236|         });
    237|

ΓÄ»ΓÄ»ΓÄ»ΓÄ»ΓÄ»ΓÄ»ΓÄ»ΓÄ»ΓÄ»ΓÄ»ΓÄ»ΓÄ»ΓÄ»ΓÄ»ΓÄ»ΓÄ»ΓÄ»ΓÄ»ΓÄ»ΓÄ»ΓÄ»ΓÄ»[10/11]ΓÄ»

 FAIL  src/services/__tests__/lark-api.service.test.ts > lark-api.service > token management > should 
throw when Lark returns non-zero code for token
AssertionError: promise resolved "[]" instead of rejecting

- Expected:
Error {
  "message": "rejected promise",
}

+ Received:
[]

 Γ¥» src/services/__tests__/lark-api.service.test.ts:249:51
    247|             });
    248|
    249|             await expect(listRecords('tbl_quests')).rejects.toThrow(
       |                                                   ^
    250|                 'Token fetch error: Invalid app_id (code 10003)',
    251|             );

ΓÄ»ΓÄ»ΓÄ»ΓÄ»ΓÄ»ΓÄ»ΓÄ»ΓÄ»ΓÄ»ΓÄ»ΓÄ»ΓÄ»ΓÄ»ΓÄ»ΓÄ»ΓÄ»ΓÄ»ΓÄ»ΓÄ»ΓÄ»ΓÄ»ΓÄ»[11/11]ΓÄ»

